Op#	ALUSel	InputA		InputB		ALU_Output
00	8	ffffbeef	00000006	2aaa9fd2
01	8	00000006	ffffbeef	00000000
02	a	00000001	00000005	00000001
03	a	f8adbcd3	00000002	00000001
04	9	00000008	00000002	00000004
05	9	fffffff8	00000002	fffffffc
06	9	00000020	fffffffc	xxxxxxxx
07	9	fffffff0	ffffffff	00000010
